Testing Restutils 0.1 [] with Python 2.5.2 on 2010-09-04 at 11:16:15
Working directory: /home/william/repos/restutils/test
Restutils package: /home/william/repos/restutils/restutils
Elapsed time: 0.526 seconds
